  正在确定要还原的项目…
  所有项目均是最新的，无法还原。
  Orc.Lua -> D:\OrC-KSD\src\Orc.Lua\bin\Debug\net8.0\Orc.Lua.dll
  Orc -> D:\OrC-KSD\src\Orc\bin\Debug\net8.0\Orc.dll
  Orc.Lua.Tests -> D:\OrC-KSD\tests\Orc.Lua.Tests\bin\Debug\net8.0\Orc.Lua.Tests.dll
  Orc.Game -> D:\OrC-KSD\src\Orc.Game\bin\Debug\net8.0\Orc.Game.dll
  Orc.Tests -> D:\OrC-KSD\tests\Orc.Tests\bin\Debug\net8.0\Orc.Tests.dll
  Orc.Game.Tests -> D:\OrC-KSD\tests\Orc.Game.Tests\bin\Debug\net8.0\Orc.Game.Tests.dll

已成功生成。
    0 个警告
    0 个错误

已用时间 00:00:03.37
D:\OrC-KSD\tests\Orc.Game.Tests\bin\Debug\net8.0\Orc.Game.Tests.dll (.NETCoreApp,Version=v8.0)的测试运行
总共 1 个测试文件与指定模式相匹配。

已通过! - 失败:     0，通过:   589，已跳过:     0，总计:   589，持续时间: 476 ms - Orc.Game.Tests.dll (net8.0)
D:\OrC-KSD\tests\Orc.Tests\bin\Debug\net8.0\Orc.Tests.dll (.NETCoreApp,Version=v8.0)的测试运行
总共 1 个测试文件与指定模式相匹配。

已通过! - 失败:     0，通过:   232，已跳过:     0，总计:   232，持续时间: 170 ms - Orc.Tests.dll (net8.0)
D:\OrC-KSD\tests\Orc.Lua.Tests\bin\Debug\net8.0\Orc.Lua.Tests.dll (.NETCoreApp,Version=v8.0)的测试运行
总共 1 个测试文件与指定模式相匹配。

已通过! - 失败:     0，通过:   157，已跳过:     0，总计:   157，持续时间: 471 ms - Orc.Lua.Tests.dll (net8.0)
